// Jest Snapshot v1, https://goo.gl/fbAQLP

exports[`App should render correctly in "debug" mode 1`] = `
<BrowserRouter>
  <Navbar />
  <div
    className="container"
  >
    <Switch>
      <Route
        component={
          Object {
            "$$typeof": Symbol(react.memo),
            "WrappedComponent": [Function],
            "compare": null,
            "displayName": "Connect(Repos)",
            "type": [Function],
          }
        }
        exact={true}
        path="/"
      />
      <Route
        component={[Function]}
        path="*"
      />
    </Switch>
  </div>
</BrowserRouter>
`;
